Simple Odd or Even
0 is even
1 is odd
2 is even
3 is odd
4 is even
5 is odd
6 is even
7 is odd
8 is even
9 is odd

Chess Pattern
# # # # # 
 # # # # #
# # # # # 
 # # # # #
# # # # # 
 # # # # #
# # # # # 
 # # # # #
# # # # # 
 # # # # #

Circle Pattern
          #          
      #########      
    #############    
   ###############   
  #################  
  #################  
 ################### 
 ################### 
 ################### 
 ################### 
#####################
 ################### 
 ################### 
 ################### 
 ################### 
  #################  
  #################  
   ###############   
    #############    
      #########      
          #          

Fibonacci Sequence
1 -> 1 -> 1 -> 2 -> 3 -> 5 -> 8 -> 13 -> 21 -> 34 -> 55 -> 89 -> 144 -> 233 -> 377 -> 610 -> 987 -> 1597 -> 2584 -> 4181 -> 6765 -> 10946 -> 17711
